// Jest Snapshot v1, https://goo.gl/fbAQLP

exports[`LocationInput component renders correctly 1`] = `
<Provider
  store={
    Object {
      "dispatch": [Function],
      "getState": [Function],
      "replaceReducer": [Function],
      "subscribe": [Function],
      Symbol(observable): [Function],
    }
  }
>
  <withRouter(Connect(LocationInput))
    fetchData={[Function]}
  />
</Provider>
`;

exports[`LocationInput component renders correctly 2`] = `<div />`;
